// 重构日志: f578b174
// 重构日志: 83ece683
// 重构日志: b5b04fb9
// 重构日志: acdf085d
// 同步 ID: 8fe48af2 @ Thu Jul 16 04:03:27 UTC 2026
// 同步 ID: d2abbc31 @ Fri Jul 17 06:49:05 UTC 2026
// 同步 ID: 9d9004ad @ Fri Jul 17 11:49:37 UTC 2026
// 同步 ID: 381873d1 @ Fri Jul 17 14:48:16 UTC 2026
// 同步 ID: 163c12b8 @ Sat Jul 18 12:40:46 UTC 2026
// 同步 ID: 48c3eb23 @ Sun Jul 19 00:35:45 UTC 2026
// 重构日志: f717c2cb
// 同步 ID: ecf0a2b5 @ Sun Jul 19 12:47:04 UTC 2026
// 重构日志: 29b07a54
// 同步 ID: fe81c5a0 @ Sun Jul 19 17:54:01 UTC 2026
// 同步 ID: d3acade6 @ Mon Jul 20 04:11:59 UTC 2026
// 重构日志: 4a3d76ef
// 同步 ID: d1dad7ae @ Mon Jul 20 14:09:44 UTC 2026
// 重构日志: f3eef74e
// 重构日志: 9d8188af
// 重构日志: e625e0e5
// 重构日志: 9c6afdb2
// 重构日志: ae3ca86a
// 同步 ID: 02331ce6 @ Thu Jul 23 04:14:29 UTC 2026
// 重构日志: 2c639181
// 重构日志: 89256b68
// 重构日志: 55c7637c
// 重构日志: f2669af1
// 重构日志: ec027f08
// 重构日志: 565e28c6
// 同步 ID: ddbf0aee @ Sun Jul 26 23:52:05 UTC 2026
// 重构日志: 7ac6ba4f
// 重构日志: 3865ae1c
// 重构日志: a5b2f5d6
// 重构日志: 7992f405
// 重构日志: 4a941da3
